// Vitest Snapshot v1, https://vitest.dev/guide/snapshot.html

exports[`Index Component > renders correctly 1`] = `
<DocumentFragment>
  <section
    class="hero"
  >
    <div
      class="hero-body"
    >
      <p
        class="title"
      >
        Welcome
      </p>
      <p
        class="subtitle"
      >
        Welcome to the AO Ambulance Dashboard. You will need to log in to use this application.
      </p>
    </div>
    <div
      class="hero-foot is-flex is-justify-content-center"
    >
      <a
        class="button is-primary"
        href="/Identity/Account/Login"
      >
        Log In
      </a>
    </div>
  </section>
</DocumentFragment>
`;
